C51 COMPILER V9.00   HRTOS_DELAY                                                           12/22/2018 18:13:07 PAGE 1   


C51 COMPILER V9.00, COMPILATION OF MODULE HRTOS_DELAY
OBJECT MODULE PLACED IN .\HRTOS_DELAY.obj
COMPILER INVOKED BY: F:\C51\BIN\C51.EXE ..\HRTOS_DELAY.C DEBUG OBJECTEXTEND OBJECT(.\HRTOS_DELAY.obj)

line level    source

   1          #include<hrtos_api.h>
   2          void os_wait1(unsigned char ticks)
   3          {
   4   1          os_enter_critical();
   5   1          os_tcb[os_task_running_id].os_task_wait_tick = ticks;
   6   1          os_task_rdy_tbl &= ~os_map_tbl[os_task_running_id];
   7   1          os_exit_critical();
   8   1          os_task_exit();
   9   1      }


MODULE INFORMATION:   STATIC OVERLAYABLE
   CODE SIZE        =     29    ----
   CONSTANT SIZE    =   ----    ----
   XDATA SIZE       =   ----    ----
   PDATA SIZE       =   ----    ----
   DATA SIZE        =   ----       1
   IDATA SIZE       =   ----    ----
   BIT SIZE         =   ----    ----
END OF MODULE INFORMATION.


C51 COMPILATION COMPLETE.  0 WARNING(S),  0 ERROR(S)
